2026-08-25 00:34:22,403 [INFO] ============================================================
2026-08-25 00:34:22,403 [INFO] 반도체 뉴스 크롤러 v3.0 시작
2026-08-25 00:34:22,403 [INFO] ============================================================
2026-08-25 00:34:22,632 [INFO] ==================================================
2026-08-25 00:34:22,633 [INFO] 전자신문 크롤링 시작
2026-08-25 00:34:52,665 [ERROR] 전자신문 크롤링 실패: Page.goto: Timeout 30000ms exceeded.
Call log:
navigating to "https://www.etnews.com/news/section.html?id1=01&id2=01", waiting until "domcontentloaded"
Traceback (most recent call last):
  File "/home/runner/work/semiconductor-discord/semiconductor-discord/semiconductor_news_crawler.py", line 378, in crawl_etnews
    await page.goto(
  File "/opt/hostedtoolcache/Python/3.11.16/x64/lib/python3.11/site-packages/playwright/async_api/_generated.py", line 8657, in goto
    await self._impl_obj.goto(
  File "/opt/hostedtoolcache/Python/3.11.16/x64/lib/python3.11/site-packages/playwright/_impl/_page.py", line 519, in goto
    return await self._main_frame.goto(**locals_to_params(locals()))
           ^^^^^^^^^^^^^^^^^^^^^^^^^^^^^^^^^^^^^^^^^^^^^^^^^^^^^^^^^
  File "/opt/hostedtoolcache/Python/3.11.16/x64/lib/python3.11/site-packages/playwright/_impl/_frame.py", line 145, in goto
    await self._channel.send("goto", locals_to_params(locals()))
  File "/opt/hostedtoolcache/Python/3.11.16/x64/lib/python3.11/site-packages/playwright/_impl/_connection.py", line 59, in send
    return await self._connection.wrap_api_call(
           ^^^^^^^^^^^^^^^^^^^^^^^^^^^^^^^^^^^^^
  File "/opt/hostedtoolcache/Python/3.11.16/x64/lib/python3.11/site-packages/playwright/_impl/_connection.py", line 514, in wrap_api_call
    raise rewrite_error(error, f"{parsed_st['apiName']}: {error}") from None
playwright._impl._errors.TimeoutError: Page.goto: Timeout 30000ms exceeded.
Call log:
navigating to "https://www.etnews.com/news/section.html?id1=01&id2=01", waiting until "domcontentloaded"

2026-08-25 00:34:52,670 [INFO] ==================================================
2026-08-25 00:34:52,670 [INFO] TrendForce 크롤링 시작
2026-08-25 00:34:57,621 [INFO] TrendForce: 5개 기사 수집
2026-08-25 00:34:57,625 [INFO] ==================================================
2026-08-25 00:34:57,625 [INFO] SemiAnalysis 크롤링 시작
2026-08-25 00:35:02,329 [INFO] SemiAnalysis: 5개 글 수집
2026-08-25 00:35:02,357 [INFO] ============================================================
2026-08-25 00:35:02,357 [INFO] 전자신문: 0건
2026-08-25 00:35:02,357 [INFO] TrendForce: 5건
2026-08-25 00:35:02,357 [INFO] SemiAnalysis: 5건
2026-08-25 00:35:02,357 [INFO] 전체 수집: 10건
2026-08-25 00:35:02,357 [INFO] ============================================================
2026-08-25 00:35:02,358 [INFO] 결과 저장: data/news_20260825_0035.json (총 10건)
2026-08-25 00:35:02,693 [INFO] TrendForce 반도체 뉴스 Discord 응답 코드: 204
2026-08-25 00:35:02,693 [INFO] TrendForce 반도체 뉴스: Discord 발송 완료 (5건)
2026-08-25 00:35:03,192 [INFO] SemiAnalysis Discord 응답 코드: 204
2026-08-25 00:35:03,192 [INFO] SemiAnalysis: Discord 발송 완료 (5건)
2026-08-25 00:35:03,193 [INFO] ============================================================
2026-08-25 00:35:03,193 [INFO] 크롤러 실행 완료
2026-08-25 00:35:03,193 [INFO] ============================================================
